======================================================================
PHASE 3/4 CHECKS
-- profile_cd interpolates the NeuralFoil table --
  PASS  cd matches polar at known CL
  PASS  clmax_2d in a sane range
-- mass / geometry coupling --
  PASS  mass breakdown sums
  PASS  longer span is heavier
  PASS  cell count is an integer
  PASS  pack count is an integer
  PASS  strings fit in bays
  PASS  string length <= boost MPPT limit
  PASS  cells do not hang off the planform
  PASS  boom length positive
  PASS  H-stab span == boom spacing
     sample mass 11.55 kg, 112 cells, AR 13.7, SM 0.296
-- drag polar / stall / control --
  PASS  drag finite and positive
  PASS  high-speed drag exceeds mid-speed drag
  PASS  min-power speed >= stall-margin floor
  PASS  min-power speed is continuous (≤ 17-point grid)
  PASS  min-power search starts at 12 m/s
  PASS  stall speed in 6-14 m/s
  PASS  static margin above minimum
  PASS  elevator trim feasible
  PASS  pitch acceleration sufficient
  PASS  yaw weathercock/damping floors are off
  PASS  reference roll rate >= 35 deg/s
  PASS  DT yaw-rate floor is 5 deg/s
  PASS  loiter speed is 1.3 Vs
  PASS  AeroSandbox airplane builds
-- battery + energy-march physics --
  PASS  discharge lowers SOC
  PASS  discharged energy ~ 100 Wh
  PASS  charge current clips at 6 A/pack
     sample mission: closed=False  minSOC=0.229  margin=-322 Wh  Pnight=119 W  climb=13.75 m/s  reason=did not refill (end SOC 0.814); FLAG 18x12E: shaft power table 48.2 W vs similarity 39.3 W (19%) at 2459 rpm, 11.92 m/s; FLAG 18x12E: shaft power table 48.9 W vs similarity 40.2 W (18%) at 2503 rpm, 12.12 m/s
  PASS  mission returns a 24 h trace
  PASS  night load includes 5 W avionics
  PASS  battery-true night is 8-16 h (array covers cruise with margin)
  PASS  SOC falls through the night
-- optimizer reports discrete cells/packs --
  PASS  n_cells == n_strings * cells_per_string
-- site / 12L / boom / fuselage / packing --
  PASS  site is El Mirage latitude
  PASS  site is El Mirage longitude
  PASS  cruise is 400 ft AGL
  PASS  default motor is A40-12L direct
  PASS  Vv floor is 0.030 (both fins together)
  PASS  pack count is 2 or 3, cap 3
  PASS  chord floor is 300 mm, start 310 mm
  PASS  tail arm start is 0.90 m
  PASS  span high / start is 6 m
  PASS  cruise speed start is 12 m/s
  PASS  span_m start in [4.5, 6.0]
  PASS  span_m range is ordered
  PASS  chord_m start in [0.3, 0.52]
  PASS  chord_m range is ordered
  PASS  tail_arm_m start in [0.8, 2.0]
  PASS  tail_arm_m range is ordered
  PASS  vstab_arm_m start in [0.8, 3.0]
  PASS  vstab_arm_m range is ordered
  PASS  boom_spacing_m start in [1.04, 2.21]
  PASS  boom_spacing_m range is ordered
  PASS  taper_ratio start in [0.4, 1.0]
  PASS  taper_ratio range is ordered
  PASS  taper_start_frac start in [0.0, 1.0]
  PASS  taper_start_frac range is ordered
  PASS  washout_tip_deg start in [0.0, 5.0]
  PASS  washout_tip_deg range is ordered
  PASS  washout_start_frac start in [0.0, 1.0]
  PASS  washout_start_frac range is ordered
  PASS  elevator_frac start in [0.22, 0.4]
  PASS  elevator_frac range is ordered
  PASS  v_cruise_ms start in [8.0, 18.0]
  PASS  v_cruise_ms range is ordered
  PASS  hstab_ar start in [3.5, 6.0]
  PASS  hstab_ar range is ordered
  PASS  vstab_ar start in [1.5, 3.5]
  PASS  vstab_ar range is ordered
  PASS  aileron_chord_frac start in [0.2, 0.3]
  PASS  aileron_chord_frac range is ordered
  PASS  DE key span_m is in CONTINUOUS
  PASS  DE key chord_m is in CONTINUOUS
  PASS  DE key tail_arm_m is in CONTINUOUS
  PASS  DE key vstab_arm_m is in CONTINUOUS
  PASS  DE key boom_spacing_m is in CONTINUOUS
  PASS  DE key taper_ratio is in CONTINUOUS
  PASS  DE key taper_start_frac is in CONTINUOUS
  PASS  DE key washout_tip_deg is in CONTINUOUS
  PASS  DE key washout_start_frac is in CONTINUOUS
  PASS  DE key elevator_frac is in CONTINUOUS
  PASS  wing areal is 0.8 × 0.84 kg/m² (main wing only)
  PASS  boom is 0.174 kg/m, 1 in OD
  PASS  H-stab is in the wing plane
  PASS  V-stab LE is behind H-stab TE
  PASS  V-stab arm is in the DE vector
  PASS  V-stab arm start is 1.20 m
  PASS  boom is c/4 to V-stab TE
  PASS  no aft boom
  PASS  V-stab areal is the same as H-stab
  PASS  boom starts at wing c/4, not the prop
  PASS  fuselage is prop disk to wing TE
  PASS  CAD fuselage Swet at 980 mm
  PASS  fuselage radius is finite
  PASS  reference packing is on-planform, no overlap
  PASS  overlapping cells are rejected
  PASS  cell past the trailing edge is rejected
-- AeroSandbox conservative envelope --
  PASS  night density is finite
  PASS  Sutherland mu is finite
  PASS  ASB atmosphere is ISA + temperature offset
  PASS  VLM ran
  PASS  downwash k used is >= 1 (no T-tail credit)
  PASS  used e is not better than handbook
  PASS  AeroBuildup ran
  PASS  used |Cl_p| is at least handbook
  PASS  used Cn_β is at most handbook
  PASS  mesh inertia ran
  PASS  used Iyy is at least lumped
  PASS  XFoil cd scale is >= 1
  PASS  production Cl_p matches envelope
======================================================================
PHASE 4 — continuous search (max energy margin)
  Continuous aero search (differential evolution)
  Motor: A40-12L V4 kv410 (direct drive)  (A40-12L-V4-kv410-direct)
  Packs: (2, 3) (cap 3)   strings: one Voc-legal per bay
  Start: span 6.00 m  chord 310 mm  H-arm 0.90 m  V-arm 1.20 m  boom 1.30 m
  Prop shortlist (51): ['16x7E(3D)', '16x8E', '16x10E', '16x12E', '17x7E', '17x8E', '17x10E', '17x12E', '18x8E', '18x10E', '18x12E', '19x8E', '19x10E', '19x12E', '20x8E', '20x10E', '20x11E', '20x13E', '20x15E', '205x14E', '21x13E', '22x10E', '22x12E', '24x12E', '25x125E', '26x13E', '26x15E', '27x13E', 'MJ-18x8E', 'MJ-18x8EL', 'MJ-18x10E', 'MJ-20x8E', 'MJ-20x8EL', 'MJ-20x10E', 'MJ-20x10EL', 'MJ-20x11E', 'MJ-20x11EW', 'MJ-20x11EWL', 'MJ-20x13E', 'MJ-20x13EL', 'MJ-20p5x12EW', 'MJ-20p5x12ELW', 'MJ-21x10EL', 'MJ-21x13E', 'MJ-21x13EL', 'MJ-21x13p5EL', 'MJ-21x14EL', 'MJ-22x12EW', 'MJ-24x10EL', 'MJ-26x15E', 'MJ-26x15EL']
  DE maxiter=18  popsize=6  seed=7
  --- 2 pack(s) ---
  evaluated 10 (skipped 35)  best -168.2 Wh ...
  evaluated 20 (skipped 57)  best -168.2 Wh ...
  evaluated 30 (skipped 62)  best -168.2 Wh ...
  evaluated 40 (skipped 69)  best -168.2 Wh ...
  evaluated 50 (skipped 83)  best -168.2 Wh ...
  evaluated 60 (skipped 93)  best -168.2 Wh ...
  evaluated 70 (skipped 107)  best -168.2 Wh ...
  evaluated 80 (skipped 111)  best -168.2 Wh ...
  evaluated 90 (skipped 115)  best -168.2 Wh ...
  evaluated 100 (skipped 119)  best -168.2 Wh ...
  evaluated 110 (skipped 125)  best -168.2 Wh ...
  evaluated 120 (skipped 135)  best -168.2 Wh ...
  evaluated 130 (skipped 139)  best -168.2 Wh ...
  evaluated 140 (skipped 147)  best -168.2 Wh ...
  evaluated 150 (skipped 149)  best -168.2 Wh ...
  evaluated 160 (skipped 150)  best -168.2 Wh ...
  evaluated 170 (skipped 160)  best -168.2 Wh ...
  evaluated 180 (skipped 171)  best -168.2 Wh ...
  evaluated 190 (skipped 178)  best -168.2 Wh ...
  evaluated 200 (skipped 181)  best -168.2 Wh ...
  evaluated 210 (skipped 187)  best -168.2 Wh ...
  evaluated 220 (skipped 193)  best -168.2 Wh ...
  evaluated 230 (skipped 197)  best -168.2 Wh ...
  evaluated 240 (skipped 203)  best -168.2 Wh ...
  evaluated 250 (skipped 206)  best -168.2 Wh ...
  evaluated 260 (skipped 210)  best -168.2 Wh ...
  evaluated 270 (skipped 217)  best -168.2 Wh ...
  evaluated 280 (skipped 219)  best -168.2 Wh ...
  evaluated 290 (skipped 225)  best -168.2 Wh ...
  evaluated 300 (skipped 230)  best -168.2 Wh ...
  evaluated 310 (skipped 237)  best -168.2 Wh ...
  evaluated 320 (skipped 245)  best -168.2 Wh ...
  evaluated 330 (skipped 253)  best -168.2 Wh ...
  evaluated 340 (skipped 258)  best -168.2 Wh ...
  evaluated 350 (skipped 271)  best -168.2 Wh ...
  evaluated 360 (skipped 275)  best -168.2 Wh ...
  evaluated 370 (skipped 281)  best -168.2 Wh ...
  evaluated 380 (skipped 287)  best -168.2 Wh ...
  evaluated 390 (skipped 296)  best -168.2 Wh ...
  evaluated 400 (skipped 303)  best -168.2 Wh ...
  evaluated 410 (skipped 312)  best -168.2 Wh ...
  evaluated 420 (skipped 321)  best -168.2 Wh ...
  evaluated 430 (skipped 324)  best -168.2 Wh ...
  evaluated 440 (skipped 327)  best -168.2 Wh ...
  evaluated 450 (skipped 338)  best -168.2 Wh ...
  evaluated 460 (skipped 340)  best -168.2 Wh ...
  evaluated 470 (skipped 342)  best -168.2 Wh ...
  evaluated 480 (skipped 343)  best -168.2 Wh ...
  evaluated 490 (skipped 346)  best -168.2 Wh ...
  evaluated 500 (skipped 354)  best -168.2 Wh ...
  evaluated 510 (skipped 354)  best -168.2 Wh ...
  evaluated 520 (skipped 357)  best -168.2 Wh ...
  evaluated 530 (skipped 362)  best -163.3 Wh ...
  evaluated 540 (skipped 366)  best -163.3 Wh ...
  evaluated 550 (skipped 374)  best -163.3 Wh ...
  evaluated 560 (skipped 378)  best -163.3 Wh ...
  evaluated 570 (skipped 383)  best -163.3 Wh ...
  evaluated 580 (skipped 385)  best -163.3 Wh ...
  evaluated 590 (skipped 387)  best -163.3 Wh ...
  evaluated 600 (skipped 391)  best -163.3 Wh ...
  evaluated 610 (skipped 392)  best -163.3 Wh ...
  evaluated 620 (skipped 396)  best -163.3 Wh ...
  evaluated 630 (skipped 404)  best -163.3 Wh ...
  evaluated 640 (skipped 412)  best -163.3 Wh ...
  evaluated 650 (skipped 425)  best -163.3 Wh ...
  evaluated 660 (skipped 436)  best -163.3 Wh ...
  evaluated 670 (skipped 442)  best -163.3 Wh ...
  evaluated 680 (skipped 446)  best -163.3 Wh ...
  --- 3 pack(s) ---
  evaluated 690 (skipped 458)  best -163.3 Wh ...
  evaluated 700 (skipped 506)  best -163.3 Wh ...
  evaluated 710 (skipped 533)  best -163.3 Wh ...
  evaluated 720 (skipped 552)  best -163.3 Wh ...
  evaluated 730 (skipped 568)  best -163.3 Wh ...
  evaluated 740 (skipped 576)  best -163.3 Wh ...
  evaluated 750 (skipped 587)  best -163.3 Wh ...
  evaluated 760 (skipped 602)  best -163.3 Wh ...
  evaluated 770 (skipped 614)  best -163.3 Wh ...
  evaluated 780 (skipped 623)  best -163.3 Wh ...
  evaluated 790 (skipped 636)  best -163.3 Wh ...
  evaluated 800 (skipped 640)  best -163.3 Wh ...
  evaluated 810 (skipped 647)  best -163.3 Wh ...
  evaluated 820 (skipped 654)  best -163.3 Wh ...
  evaluated 830 (skipped 661)  best -163.3 Wh ...
  evaluated 840 (skipped 669)  best -163.3 Wh ...
  evaluated 850 (skipped 676)  best -163.3 Wh ...
  evaluated 860 (skipped 684)  best -163.3 Wh ...
  evaluated 870 (skipped 687)  best -163.3 Wh ...
  evaluated 880 (skipped 690)  best -163.3 Wh ...
  evaluated 890 (skipped 694)  best -163.3 Wh ...
  evaluated 900 (skipped 698)  best -163.3 Wh ...
  evaluated 910 (skipped 704)  best -163.3 Wh ...
  evaluated 920 (skipped 707)  best -163.3 Wh ...
  evaluated 930 (skipped 716)  best -163.3 Wh ...
  evaluated 940 (skipped 725)  best -163.3 Wh ...
  evaluated 950 (skipped 729)  best -163.3 Wh ...
  evaluated 960 (skipped 730)  best -163.3 Wh ...
  evaluated 970 (skipped 736)  best -163.3 Wh ...
  evaluated 980 (skipped 738)  best -163.3 Wh ...
  evaluated 990 (skipped 742)  best -163.3 Wh ...
  evaluated 1000 (skipped 743)  best -163.3 Wh ...
  evaluated 1010 (skipped 752)  best -163.3 Wh ...
  evaluated 1020 (skipped 753)  best -163.3 Wh ...
  evaluated 1030 (skipped 760)  best -163.3 Wh ...
  evaluated 1040 (skipped 761)  best -163.3 Wh ...
  evaluated 1050 (skipped 761)  best -163.3 Wh ...
  evaluated 1060 (skipped 768)  best -163.3 Wh ...
  evaluated 1070 (skipped 769)  best -163.3 Wh ...
  evaluated 1080 (skipped 771)  best -163.3 Wh ...
  evaluated 1090 (skipped 778)  best -163.3 Wh ...
  evaluated 1100 (skipped 782)  best -163.3 Wh ...
  evaluated 1110 (skipped 785)  best -163.3 Wh ...
  evaluated 1120 (skipped 788)  best -163.3 Wh ...
  evaluated 1130 (skipped 792)  best -163.3 Wh ...
  evaluated 1140 (skipped 796)  best -163.3 Wh ...
  evaluated 1150 (skipped 798)  best -163.3 Wh ...
  evaluated 1160 (skipped 800)  best -163.3 Wh ...
  evaluated 1170 (skipped 803)  best -163.3 Wh ...
  evaluated 1180 (skipped 807)  best -163.3 Wh ...
  evaluated 1190 (skipped 814)  best -163.3 Wh ...
  evaluated 1200 (skipped 815)  best -163.3 Wh ...
  evaluated 1210 (skipped 819)  best -163.3 Wh ...
  evaluated 1220 (skipped 828)  best -163.3 Wh ...
  evaluated 1230 (skipped 830)  best -163.3 Wh ...
  evaluated 1240 (skipped 833)  best -163.3 Wh ...
  evaluated 1250 (skipped 837)  best -163.3 Wh ...
  evaluated 1260 (skipped 848)  best -163.3 Wh ...
  evaluated 1270 (skipped 852)  best -163.3 Wh ...
  evaluated 1280 (skipped 856)  best -163.3 Wh ...
  evaluated 1290 (skipped 865)  best -163.3 Wh ...
  evaluated 1300 (skipped 882)  best -163.3 Wh ...
  evaluated 1310 (skipped 891)  best -163.3 Wh ...
  evaluated 1320 (skipped 910)  best -163.3 Wh ...
  evaluated 1330 (skipped 915)  best -163.3 Wh ...
  evaluated 1340 (skipped 936)  best -163.3 Wh ...
  Done: 1343 evaluated, 937 skipped by constraints
  1343 candidates written to /Users/adamyang/solar-uav-design/outputs/phase4_candidates.csv
  closed: 0 / 1343
  Failure modes:
reason
SOC floor violated (min 0.031, unmet 0 Wh); FLAG 16x12E: shaft power table 28.4 W vs similarity 23.3 W (18%) at 2353 rpm, 11.18 m/s; FLAG 16x12E: shaft power table 28.8 W vs similarity 23.7 W (18%) at 2393 rpm, 11.36 m/s                                    1
SOC floor violated (min 0.026, unmet 0 Wh); FLAG 16x12E: shaft power table 28.6 W vs similarity 23.5 W (18%) at 2361 rpm, 11.22 m/s; FLAG 16x12E: shaft power table 29.1 W vs similarity 23.9 W (18%) at 2401 rpm, 11.41 m/s                                    1
SOC floor violated (min 0.021, unmet 0 Wh); did not refill (end SOC 0.882); FLAG 16x12E: shaft power table 28.5 W vs similarity 23.5 W (17%) at 2344 rpm, 11.02 m/s; FLAG 16x12E: shaft power table 29.0 W vs similarity 24.0 W (17%) at 2383 rpm, 11.20 m/s    1
SOC floor violated (min 0.018, unmet 0 Wh); did not refill (end SOC 0.817); FLAG 16x12E: shaft power table 28.4 W vs similarity 23.4 W (18%) at 2344 rpm, 11.05 m/s; FLAG 16x12E: shaft power table 28.9 W vs similarity 23.9 W (17%) at 2384 rpm, 11.23 m/s    1
SOC floor violated (min 0.018, unmet 0 Wh); did not refill (end SOC 0.896); FLAG 16x12E: shaft power table 28.7 W vs similarity 23.5 W (18%) at 2364 rpm, 11.24 m/s; FLAG 16x12E: shaft power table 29.2 W vs similarity 24.0 W (18%) at 2404 rpm, 11.43 m/s    1
SOC floor violated (min 0.012, unmet 0 Wh); did not refill (end SOC 0.807); FLAG 16x12E: shaft power table 28.6 W vs similarity 23.7 W (17%) at 2341 rpm, 10.96 m/s; FLAG 16x12E: shaft power table 29.1 W vs similarity 24.1 W (17%) at 2381 rpm, 11.14 m/s    1
SOC floor violated (min 0.012, unmet 0 Wh); did not refill (end SOC 0.805); FLAG 16x12E: shaft power table 28.7 W vs similarity 23.3 W (19%) at 2378 rpm, 11.44 m/s; FLAG 16x12E: shaft power table 29.3 W vs similarity 23.8 W (19%) at 2419 rpm, 11.63 m/s    1
SOC floor violated (min 0.012, unmet 0 Wh); did not refill (end SOC 0.864); FLAG 16x12E: shaft power table 29.1 W vs similarity 23.4 W (20%) at 2396 rpm, 11.64 m/s; FLAG 16x12E: shaft power table 29.7 W vs similarity 23.8 W (20%) at 2438 rpm, 11.83 m/s    1
  Top 5 by margin:
  span_m  chord_m  tail_arm_m  vstab_arm_m  n_packs  n_cells   prop  mass_kg   margin_wh  soc_min  soc_end  p_night_w  closed
5.992091 0.308691    1.108343     1.346871        2       80 16x12E 8.905551 -163.293498 0.030959 0.959484  76.021869   False
6.000000 0.310000    0.900000     1.200000        2       82 16x12E 8.853047 -168.216746 0.025863 0.991371  76.588616   False
5.969146 0.325291    1.490635     1.905568        2       77 16x12E 9.134493 -173.034240 0.020876 0.881552  76.375490   False
5.891738 0.337321    0.964230     1.226553        2       74 16x12E 8.872873 -175.376464 0.018451 0.816646  76.178693   False
5.859183 0.315549    1.168038     1.728922        2       78 16x12E 8.937477 -176.201726 0.017597 0.895613  76.712691   False
  Winner:
span_m                                                  5.992091
chord_m                                                 0.308691
tail_arm_m                                              1.108343
vstab_arm_m                                             1.346871
n_packs                                                        2
string_plan                                          25+25+20+10
n_cells                                                       80
prop                                                      16x12E
mass_kg                                                 8.905551
margin_wh                                            -163.293498
soc_min                                                 0.030959
p_night_w                                              76.021869
climb_ms                                               14.203449
closed                                                     False
reason         SOC floor violated (min 0.031, unmet 0 Wh); FL...
  PASS  winner mass <= 12 kg
  PASS  winner span <= 6 m
  PASS  winner cell count integer
  PASS  winner pack count integer
  PASS  winner packing ok
======================================================================
All checks passed. Plots in /Users/adamyang/solar-uav-design/outputs
